// Jest Snapshot v1, https://goo.gl/fbAQLP

exports[`parser primary expressions parses expressions in parentheses 1`] = `
Array [
  Assignment {
    "name": Object {
      "kind": 21,
      "line": 1,
      "text": "_",
    },
    "value": Binary {
      "left": Literal {
        "value": Int32 {
          "kind": 3,
          "value": 1,
        },
      },
      "right": Grouping {
        "expression": Binary {
          "left": Literal {
            "value": Int32 {
              "kind": 3,
              "value": 2,
            },
          },
          "right": Literal {
            "value": Int32 {
              "kind": 3,
              "value": 3,
            },
          },
          "token": Object {
            "kind": 9,
            "line": 1,
            "text": "*",
          },
        },
      },
      "token": Object {
        "kind": 8,
        "line": 1,
        "text": "+",
      },
    },
  },
]
`;
