// Jest Snapshot v1, https://goo.gl/fbAQLP

exports[`parser if statements block if allows 'then' to be skipped 1`] = `
Array [
  If {
    "condition": Binary {
      "left": Literal {
        "_location": Object {
          "end": Object {
            "column": -9,
            "line": -9,
          },
          "start": Object {
            "column": -9,
            "line": -9,
          },
        },
        "value": Int32 {
          "kind": 3,
          "value": 1,
        },
      },
      "right": Literal {
        "_location": Object {
          "end": Object {
            "column": -9,
            "line": -9,
          },
          "start": Object {
            "column": -9,
            "line": -9,
          },
        },
        "value": Int32 {
          "kind": 3,
          "value": 2,
        },
      },
      "token": Object {
        "isReserved": false,
        "kind": 23,
        "literal": undefined,
        "location": Object {
          "end": Object {
            "column": -9,
            "line": -9,
          },
          "start": Object {
            "column": -9,
            "line": -9,
          },
        },
        "text": "<",
      },
    },
    "elseBranch": Block {
      "startingLocation": Object {
        "end": Object {
          "column": -9,
          "line": -9,
        },
        "start": Object {
          "column": -9,
          "line": -9,
        },
      },
      "statements": Array [
        Assignment {
          "name": Object {
            "isReserved": false,
            "kind": 29,
            "literal": undefined,
            "location": Object {
              "end": Object {
                "column": -9,
                "line": -9,
              },
              "start": Object {
                "column": -9,
                "line": -9,
              },
            },
            "text": "foo",
          },
          "tokens": Object {
            "equals": Object {
              "isReserved": false,
              "kind": 27,
              "literal": undefined,
              "location": Object {
                "end": Object {
                  "column": -9,
                  "line": -9,
                },
                "start": Object {
                  "column": -9,
                  "line": -9,
                },
              },
              "text": "=",
            },
          },
          "value": Literal {
            "_location": Object {
              "end": Object {
                "column": -9,
                "line": -9,
              },
              "start": Object {
                "column": -9,
                "line": -9,
              },
            },
            "value": BrsBoolean {
              "kind": 1,
              "value": false,
            },
          },
        },
      ],
    },
    "elseIfs": Array [
      Object {
        "condition": Binary {
          "left": Literal {
            "_location": Object {
              "end": Object {
                "column": -9,
                "line": -9,
              },
              "start": Object {
                "column": -9,
                "line": -9,
              },
            },
            "value": Int32 {
              "kind": 3,
              "value": 1,
            },
          },
          "right": Literal {
            "_location": Object {
              "end": Object {
                "column": -9,
                "line": -9,
              },
              "start": Object {
                "column": -9,
                "line": -9,
              },
            },
            "value": Int32 {
              "kind": 3,
              "value": 2,
            },
          },
          "token": Object {
            "isReserved": false,
            "kind": 25,
            "literal": undefined,
            "location": Object {
              "end": Object {
                "column": -9,
                "line": -9,
              },
              "start": Object {
                "column": -9,
                "line": -9,
              },
            },
            "text": ">",
          },
        },
        "thenBranch": Block {
          "startingLocation": Object {
            "end": Object {
              "column": -9,
              "line": -9,
            },
            "start": Object {
              "column": -9,
              "line": -9,
            },
          },
          "statements": Array [
            Assignment {
              "name": Object {
                "isReserved": false,
                "kind": 29,
                "literal": undefined,
                "location": Object {
                  "end": Object {
                    "column": -9,
                    "line": -9,
                  },
                  "start": Object {
                    "column": -9,
                    "line": -9,
                  },
                },
                "text": "foo",
              },
              "tokens": Object {
                "equals": Object {
                  "isReserved": false,
                  "kind": 27,
                  "literal": undefined,
                  "location": Object {
                    "end": Object {
                      "column": -9,
                      "line": -9,
                    },
                    "start": Object {
                      "column": -9,
                      "line": -9,
                    },
                  },
                  "text": "=",
                },
              },
              "value": Literal {
                "_location": Object {
                  "end": Object {
                    "column": -9,
                    "line": -9,
                  },
                  "start": Object {
                    "column": -9,
                    "line": -9,
                  },
                },
                "value": Int32 {
                  "kind": 3,
                  "value": 3,
                },
              },
            },
            Assignment {
              "name": Object {
                "isReserved": false,
                "kind": 29,
                "literal": undefined,
                "location": Object {
                  "end": Object {
                    "column": -9,
                    "line": -9,
                  },
                  "start": Object {
                    "column": -9,
                    "line": -9,
                  },
                },
                "text": "bar",
              },
              "tokens": Object {
                "equals": Object {
                  "isReserved": false,
                  "kind": 27,
                  "literal": undefined,
                  "location": Object {
                    "end": Object {
                      "column": -9,
                      "line": -9,
                    },
                    "start": Object {
                      "column": -9,
                      "line": -9,
                    },
                  },
                  "text": "=",
                },
              },
              "value": Literal {
                "_location": Object {
                  "end": Object {
                    "column": -9,
                    "line": -9,
                  },
                  "start": Object {
                    "column": -9,
                    "line": -9,
                  },
                },
                "value": BrsBoolean {
                  "kind": 1,
                  "value": true,
                },
              },
            },
          ],
        },
      },
    ],
    "thenBranch": Block {
      "startingLocation": Object {
        "end": Object {
          "column": -9,
          "line": -9,
        },
        "start": Object {
          "column": -9,
          "line": -9,
        },
      },
      "statements": Array [
        Assignment {
          "name": Object {
            "isReserved": false,
            "kind": 29,
            "literal": undefined,
            "location": Object {
              "end": Object {
                "column": -9,
                "line": -9,
              },
              "start": Object {
                "column": -9,
                "line": -9,
              },
            },
            "text": "foo",
          },
          "tokens": Object {
            "equals": Object {
              "isReserved": false,
              "kind": 27,
              "literal": undefined,
              "location": Object {
                "end": Object {
                  "column": -9,
                  "line": -9,
                },
                "start": Object {
                  "column": -9,
                  "line": -9,
                },
              },
              "text": "=",
            },
          },
          "value": Literal {
            "_location": Object {
              "end": Object {
                "column": -9,
                "line": -9,
              },
              "start": Object {
                "column": -9,
                "line": -9,
              },
            },
            "value": BrsBoolean {
              "kind": 1,
              "value": true,
            },
          },
        },
      ],
    },
    "tokens": Object {
      "elseIfs": Array [
        Object {
          "isReserved": false,
          "kind": 51,
          "literal": undefined,
          "location": Object {
            "end": Object {
              "column": -9,
              "line": -9,
            },
            "start": Object {
              "column": -9,
              "line": -9,
            },
          },
          "text": "else if",
        },
      ],
      "endIf": undefined,
      "if": Object {
        "isReserved": true,
        "kind": 70,
        "literal": undefined,
        "location": Object {
          "end": Object {
            "column": -9,
            "line": -9,
          },
          "start": Object {
            "column": -9,
            "line": -9,
          },
        },
        "text": "if",
      },
      "then": undefined,
    },
  },
]
`;

exports[`parser if statements block if parses if only 1`] = `
Array [
  If {
    "condition": Binary {
      "left": Literal {
        "_location": Object {
          "end": Object {
            "column": -9,
            "line": -9,
          },
          "start": Object {
            "column": -9,
            "line": -9,
          },
        },
        "value": Int32 {
          "kind": 3,
          "value": 1,
        },
      },
      "right": Literal {
        "_location": Object {
          "end": Object {
            "column": -9,
            "line": -9,
          },
          "start": Object {
            "column": -9,
            "line": -9,
          },
        },
        "value": Int32 {
          "kind": 3,
          "value": 2,
        },
      },
      "token": Object {
        "isReserved": false,
        "kind": 23,
        "literal": undefined,
        "location": Object {
          "end": Object {
            "column": -9,
            "line": -9,
          },
          "start": Object {
            "column": -9,
            "line": -9,
          },
        },
        "text": "<",
      },
    },
    "elseBranch": undefined,
    "elseIfs": Array [],
    "thenBranch": Block {
      "startingLocation": Object {
        "end": Object {
          "column": -9,
          "line": -9,
        },
        "start": Object {
          "column": -9,
          "line": -9,
        },
      },
      "statements": Array [
        Assignment {
          "name": Object {
            "isReserved": false,
            "kind": 29,
            "literal": undefined,
            "location": Object {
              "end": Object {
                "column": -9,
                "line": -9,
              },
              "start": Object {
                "column": -9,
                "line": -9,
              },
            },
            "text": "foo",
          },
          "tokens": Object {
            "equals": Object {
              "isReserved": false,
              "kind": 27,
              "literal": undefined,
              "location": Object {
                "end": Object {
                  "column": -9,
                  "line": -9,
                },
                "start": Object {
                  "column": -9,
                  "line": -9,
                },
              },
              "text": "=",
            },
          },
          "value": Literal {
            "_location": Object {
              "end": Object {
                "column": -9,
                "line": -9,
              },
              "start": Object {
                "column": -9,
                "line": -9,
              },
            },
            "value": BrsBoolean {
              "kind": 1,
              "value": true,
            },
          },
        },
        Assignment {
          "name": Object {
            "isReserved": false,
            "kind": 29,
            "literal": undefined,
            "location": Object {
              "end": Object {
                "column": -9,
                "line": -9,
              },
              "start": Object {
                "column": -9,
                "line": -9,
              },
            },
            "text": "bar",
          },
          "tokens": Object {
            "equals": Object {
              "isReserved": false,
              "kind": 27,
              "literal": undefined,
              "location": Object {
                "end": Object {
                  "column": -9,
                  "line": -9,
                },
                "start": Object {
                  "column": -9,
                  "line": -9,
                },
              },
              "text": "=",
            },
          },
          "value": Literal {
            "_location": Object {
              "end": Object {
                "column": -9,
                "line": -9,
              },
              "start": Object {
                "column": -9,
                "line": -9,
              },
            },
            "value": BrsBoolean {
              "kind": 1,
              "value": true,
            },
          },
        },
      ],
    },
    "tokens": Object {
      "elseIfs": Array [],
      "endIf": Object {
        "isReserved": false,
        "kind": 55,
        "literal": undefined,
        "location": Object {
          "end": Object {
            "column": -9,
            "line": -9,
          },
          "start": Object {
            "column": -9,
            "line": -9,
          },
        },
        "text": "end if",
      },
      "if": Object {
        "isReserved": true,
        "kind": 70,
        "literal": undefined,
        "location": Object {
          "end": Object {
            "column": -9,
            "line": -9,
          },
          "start": Object {
            "column": -9,
            "line": -9,
          },
        },
        "text": "if",
      },
      "then": Object {
        "isReserved": true,
        "kind": 85,
        "literal": undefined,
        "location": Object {
          "end": Object {
            "column": -9,
            "line": -9,
          },
          "start": Object {
            "column": -9,
            "line": -9,
          },
        },
        "text": "then",
      },
    },
  },
]
`;

exports[`parser if statements block if parses if-else 1`] = `
Array [
  If {
    "condition": Binary {
      "left": Literal {
        "_location": Object {
          "end": Object {
            "column": -9,
            "line": -9,
          },
          "start": Object {
            "column": -9,
            "line": -9,
          },
        },
        "value": Int32 {
          "kind": 3,
          "value": 1,
        },
      },
      "right": Literal {
        "_location": Object {
          "end": Object {
            "column": -9,
            "line": -9,
          },
          "start": Object {
            "column": -9,
            "line": -9,
          },
        },
        "value": Int32 {
          "kind": 3,
          "value": 2,
        },
      },
      "token": Object {
        "isReserved": false,
        "kind": 23,
        "literal": undefined,
        "location": Object {
          "end": Object {
            "column": -9,
            "line": -9,
          },
          "start": Object {
            "column": -9,
            "line": -9,
          },
        },
        "text": "<",
      },
    },
    "elseBranch": Block {
      "startingLocation": Object {
        "end": Object {
          "column": -9,
          "line": -9,
        },
        "start": Object {
          "column": -9,
          "line": -9,
        },
      },
      "statements": Array [
        Assignment {
          "name": Object {
            "isReserved": false,
            "kind": 29,
            "literal": undefined,
            "location": Object {
              "end": Object {
                "column": -9,
                "line": -9,
              },
              "start": Object {
                "column": -9,
                "line": -9,
              },
            },
            "text": "foo",
          },
          "tokens": Object {
            "equals": Object {
              "isReserved": false,
              "kind": 27,
              "literal": undefined,
              "location": Object {
                "end": Object {
                  "column": -9,
                  "line": -9,
                },
                "start": Object {
                  "column": -9,
                  "line": -9,
                },
              },
              "text": "=",
            },
          },
          "value": Literal {
            "_location": Object {
              "end": Object {
                "column": -9,
                "line": -9,
              },
              "start": Object {
                "column": -9,
                "line": -9,
              },
            },
            "value": BrsBoolean {
              "kind": 1,
              "value": false,
            },
          },
        },
        Assignment {
          "name": Object {
            "isReserved": false,
            "kind": 29,
            "literal": undefined,
            "location": Object {
              "end": Object {
                "column": -9,
                "line": -9,
              },
              "start": Object {
                "column": -9,
                "line": -9,
              },
            },
            "text": "bar",
          },
          "tokens": Object {
            "equals": Object {
              "isReserved": false,
              "kind": 27,
              "literal": undefined,
              "location": Object {
                "end": Object {
                  "column": -9,
                  "line": -9,
                },
                "start": Object {
                  "column": -9,
                  "line": -9,
                },
              },
              "text": "=",
            },
          },
          "value": Literal {
            "_location": Object {
              "end": Object {
                "column": -9,
                "line": -9,
              },
              "start": Object {
                "column": -9,
                "line": -9,
              },
            },
            "value": BrsBoolean {
              "kind": 1,
              "value": true,
            },
          },
        },
      ],
    },
    "elseIfs": Array [],
    "thenBranch": Block {
      "startingLocation": Object {
        "end": Object {
          "column": -9,
          "line": -9,
        },
        "start": Object {
          "column": -9,
          "line": -9,
        },
      },
      "statements": Array [
        Assignment {
          "name": Object {
            "isReserved": false,
            "kind": 29,
            "literal": undefined,
            "location": Object {
              "end": Object {
                "column": -9,
                "line": -9,
              },
              "start": Object {
                "column": -9,
                "line": -9,
              },
            },
            "text": "foo",
          },
          "tokens": Object {
            "equals": Object {
              "isReserved": false,
              "kind": 27,
              "literal": undefined,
              "location": Object {
                "end": Object {
                  "column": -9,
                  "line": -9,
                },
                "start": Object {
                  "column": -9,
                  "line": -9,
                },
              },
              "text": "=",
            },
          },
          "value": Literal {
            "_location": Object {
              "end": Object {
                "column": -9,
                "line": -9,
              },
              "start": Object {
                "column": -9,
                "line": -9,
              },
            },
            "value": BrsBoolean {
              "kind": 1,
              "value": true,
            },
          },
        },
      ],
    },
    "tokens": Object {
      "elseIfs": Array [],
      "endIf": undefined,
      "if": Object {
        "isReserved": true,
        "kind": 70,
        "literal": undefined,
        "location": Object {
          "end": Object {
            "column": -9,
            "line": -9,
          },
          "start": Object {
            "column": -9,
            "line": -9,
          },
        },
        "text": "if",
      },
      "then": Object {
        "isReserved": true,
        "kind": 85,
        "literal": undefined,
        "location": Object {
          "end": Object {
            "column": -9,
            "line": -9,
          },
          "start": Object {
            "column": -9,
            "line": -9,
          },
        },
        "text": "then",
      },
    },
  },
]
`;

exports[`parser if statements block if parses if-elseif-else 1`] = `
Array [
  If {
    "condition": Binary {
      "left": Literal {
        "_location": Object {
          "end": Object {
            "column": -9,
            "line": -9,
          },
          "start": Object {
            "column": -9,
            "line": -9,
          },
        },
        "value": Int32 {
          "kind": 3,
          "value": 1,
        },
      },
      "right": Literal {
        "_location": Object {
          "end": Object {
            "column": -9,
            "line": -9,
          },
          "start": Object {
            "column": -9,
            "line": -9,
          },
        },
        "value": Int32 {
          "kind": 3,
          "value": 2,
        },
      },
      "token": Object {
        "isReserved": false,
        "kind": 23,
        "literal": undefined,
        "location": Object {
          "end": Object {
            "column": -9,
            "line": -9,
          },
          "start": Object {
            "column": -9,
            "line": -9,
          },
        },
        "text": "<",
      },
    },
    "elseBranch": Block {
      "startingLocation": Object {
        "end": Object {
          "column": -9,
          "line": -9,
        },
        "start": Object {
          "column": -9,
          "line": -9,
        },
      },
      "statements": Array [
        Assignment {
          "name": Object {
            "isReserved": false,
            "kind": 29,
            "literal": undefined,
            "location": Object {
              "end": Object {
                "column": -9,
                "line": -9,
              },
              "start": Object {
                "column": -9,
                "line": -9,
              },
            },
            "text": "foo",
          },
          "tokens": Object {
            "equals": Object {
              "isReserved": false,
              "kind": 27,
              "literal": undefined,
              "location": Object {
                "end": Object {
                  "column": -9,
                  "line": -9,
                },
                "start": Object {
                  "column": -9,
                  "line": -9,
                },
              },
              "text": "=",
            },
          },
          "value": Literal {
            "_location": Object {
              "end": Object {
                "column": -9,
                "line": -9,
              },
              "start": Object {
                "column": -9,
                "line": -9,
              },
            },
            "value": BrsBoolean {
              "kind": 1,
              "value": false,
            },
          },
        },
      ],
    },
    "elseIfs": Array [
      Object {
        "condition": Binary {
          "left": Literal {
            "_location": Object {
              "end": Object {
                "column": -9,
                "line": -9,
              },
              "start": Object {
                "column": -9,
                "line": -9,
              },
            },
            "value": Int32 {
              "kind": 3,
              "value": 1,
            },
          },
          "right": Literal {
            "_location": Object {
              "end": Object {
                "column": -9,
                "line": -9,
              },
              "start": Object {
                "column": -9,
                "line": -9,
              },
            },
            "value": Int32 {
              "kind": 3,
              "value": 2,
            },
          },
          "token": Object {
            "isReserved": false,
            "kind": 25,
            "literal": undefined,
            "location": Object {
              "end": Object {
                "column": -9,
                "line": -9,
              },
              "start": Object {
                "column": -9,
                "line": -9,
              },
            },
            "text": ">",
          },
        },
        "thenBranch": Block {
          "startingLocation": Object {
            "end": Object {
              "column": -9,
              "line": -9,
            },
            "start": Object {
              "column": -9,
              "line": -9,
            },
          },
          "statements": Array [
            Assignment {
              "name": Object {
                "isReserved": false,
                "kind": 29,
                "literal": undefined,
                "location": Object {
                  "end": Object {
                    "column": -9,
                    "line": -9,
                  },
                  "start": Object {
                    "column": -9,
                    "line": -9,
                  },
                },
                "text": "foo",
              },
              "tokens": Object {
                "equals": Object {
                  "isReserved": false,
                  "kind": 27,
                  "literal": undefined,
                  "location": Object {
                    "end": Object {
                      "column": -9,
                      "line": -9,
                    },
                    "start": Object {
                      "column": -9,
                      "line": -9,
                    },
                  },
                  "text": "=",
                },
              },
              "value": Literal {
                "_location": Object {
                  "end": Object {
                    "column": -9,
                    "line": -9,
                  },
                  "start": Object {
                    "column": -9,
                    "line": -9,
                  },
                },
                "value": Int32 {
                  "kind": 3,
                  "value": 3,
                },
              },
            },
            Assignment {
              "name": Object {
                "isReserved": false,
                "kind": 29,
                "literal": undefined,
                "location": Object {
                  "end": Object {
                    "column": -9,
                    "line": -9,
                  },
                  "start": Object {
                    "column": -9,
                    "line": -9,
                  },
                },
                "text": "bar",
              },
              "tokens": Object {
                "equals": Object {
                  "isReserved": false,
                  "kind": 27,
                  "literal": undefined,
                  "location": Object {
                    "end": Object {
                      "column": -9,
                      "line": -9,
                    },
                    "start": Object {
                      "column": -9,
                      "line": -9,
                    },
                  },
                  "text": "=",
                },
              },
              "value": Literal {
                "_location": Object {
                  "end": Object {
                    "column": -9,
                    "line": -9,
                  },
                  "start": Object {
                    "column": -9,
                    "line": -9,
                  },
                },
                "value": BrsBoolean {
                  "kind": 1,
                  "value": true,
                },
              },
            },
          ],
        },
      },
    ],
    "thenBranch": Block {
      "startingLocation": Object {
        "end": Object {
          "column": -9,
          "line": -9,
        },
        "start": Object {
          "column": -9,
          "line": -9,
        },
      },
      "statements": Array [
        Assignment {
          "name": Object {
            "isReserved": false,
            "kind": 29,
            "literal": undefined,
            "location": Object {
              "end": Object {
                "column": -9,
                "line": -9,
              },
              "start": Object {
                "column": -9,
                "line": -9,
              },
            },
            "text": "foo",
          },
          "tokens": Object {
            "equals": Object {
              "isReserved": false,
              "kind": 27,
              "literal": undefined,
              "location": Object {
                "end": Object {
                  "column": -9,
                  "line": -9,
                },
                "start": Object {
                  "column": -9,
                  "line": -9,
                },
              },
              "text": "=",
            },
          },
          "value": Literal {
            "_location": Object {
              "end": Object {
                "column": -9,
                "line": -9,
              },
              "start": Object {
                "column": -9,
                "line": -9,
              },
            },
            "value": BrsBoolean {
              "kind": 1,
              "value": true,
            },
          },
        },
      ],
    },
    "tokens": Object {
      "elseIfs": Array [
        Object {
          "isReserved": false,
          "kind": 51,
          "literal": undefined,
          "location": Object {
            "end": Object {
              "column": -9,
              "line": -9,
            },
            "start": Object {
              "column": -9,
              "line": -9,
            },
          },
          "text": "else if",
        },
      ],
      "endIf": undefined,
      "if": Object {
        "isReserved": true,
        "kind": 70,
        "literal": undefined,
        "location": Object {
          "end": Object {
            "column": -9,
            "line": -9,
          },
          "start": Object {
            "column": -9,
            "line": -9,
          },
        },
        "text": "if",
      },
      "then": Object {
        "isReserved": true,
        "kind": 85,
        "literal": undefined,
        "location": Object {
          "end": Object {
            "column": -9,
            "line": -9,
          },
          "start": Object {
            "column": -9,
            "line": -9,
          },
        },
        "text": "then",
      },
    },
  },
]
`;

exports[`parser if statements single-line if allows 'then' to be skipped 1`] = `
Array [
  If {
    "condition": Binary {
      "left": Literal {
        "_location": Object {
          "end": Object {
            "column": -9,
            "line": -9,
          },
          "start": Object {
            "column": -9,
            "line": -9,
          },
        },
        "value": Int32 {
          "kind": 3,
          "value": 1,
        },
      },
      "right": Literal {
        "_location": Object {
          "end": Object {
            "column": -9,
            "line": -9,
          },
          "start": Object {
            "column": -9,
            "line": -9,
          },
        },
        "value": Int32 {
          "kind": 3,
          "value": 2,
        },
      },
      "token": Object {
        "isReserved": false,
        "kind": 23,
        "literal": undefined,
        "location": Object {
          "end": Object {
            "column": -9,
            "line": -9,
          },
          "start": Object {
            "column": -9,
            "line": -9,
          },
        },
        "text": "<",
      },
    },
    "elseBranch": Block {
      "startingLocation": Object {
        "end": Object {
          "column": -9,
          "line": -9,
        },
        "start": Object {
          "column": -9,
          "line": -9,
        },
      },
      "statements": Array [
        Assignment {
          "name": Object {
            "isReserved": false,
            "kind": 29,
            "literal": undefined,
            "location": Object {
              "end": Object {
                "column": -9,
                "line": -9,
              },
              "start": Object {
                "column": -9,
                "line": -9,
              },
            },
            "text": "foo",
          },
          "tokens": Object {
            "equals": Object {
              "isReserved": false,
              "kind": 27,
              "literal": undefined,
              "location": Object {
                "end": Object {
                  "column": -9,
                  "line": -9,
                },
                "start": Object {
                  "column": -9,
                  "line": -9,
                },
              },
              "text": "=",
            },
          },
          "value": Literal {
            "_location": Object {
              "end": Object {
                "column": -9,
                "line": -9,
              },
              "start": Object {
                "column": -9,
                "line": -9,
              },
            },
            "value": BrsBoolean {
              "kind": 1,
              "value": false,
            },
          },
        },
      ],
    },
    "elseIfs": Array [
      Object {
        "condition": Binary {
          "left": Literal {
            "_location": Object {
              "end": Object {
                "column": -9,
                "line": -9,
              },
              "start": Object {
                "column": -9,
                "line": -9,
              },
            },
            "value": Int32 {
              "kind": 3,
              "value": 1,
            },
          },
          "right": Literal {
            "_location": Object {
              "end": Object {
                "column": -9,
                "line": -9,
              },
              "start": Object {
                "column": -9,
                "line": -9,
              },
            },
            "value": Int32 {
              "kind": 3,
              "value": 2,
            },
          },
          "token": Object {
            "isReserved": false,
            "kind": 27,
            "literal": undefined,
            "location": Object {
              "end": Object {
                "column": -9,
                "line": -9,
              },
              "start": Object {
                "column": -9,
                "line": -9,
              },
            },
            "text": "=",
          },
        },
        "thenBranch": Block {
          "startingLocation": Object {
            "end": Object {
              "column": -9,
              "line": -9,
            },
            "start": Object {
              "column": -9,
              "line": -9,
            },
          },
          "statements": Array [
            Assignment {
              "name": Object {
                "isReserved": false,
                "kind": 29,
                "literal": undefined,
                "location": Object {
                  "end": Object {
                    "column": -9,
                    "line": -9,
                  },
                  "start": Object {
                    "column": -9,
                    "line": -9,
                  },
                },
                "text": "same",
              },
              "tokens": Object {
                "equals": Object {
                  "isReserved": false,
                  "kind": 27,
                  "literal": undefined,
                  "location": Object {
                    "end": Object {
                      "column": -9,
                      "line": -9,
                    },
                    "start": Object {
                      "column": -9,
                      "line": -9,
                    },
                  },
                  "text": "=",
                },
              },
              "value": Literal {
                "_location": Object {
                  "end": Object {
                    "column": -9,
                    "line": -9,
                  },
                  "start": Object {
                    "column": -9,
                    "line": -9,
                  },
                },
                "value": BrsBoolean {
                  "kind": 1,
                  "value": true,
                },
              },
            },
          ],
        },
      },
    ],
    "thenBranch": Block {
      "startingLocation": Object {
        "end": Object {
          "column": -9,
          "line": -9,
        },
        "start": Object {
          "column": -9,
          "line": -9,
        },
      },
      "statements": Array [
        Assignment {
          "name": Object {
            "isReserved": false,
            "kind": 29,
            "literal": undefined,
            "location": Object {
              "end": Object {
                "column": -9,
                "line": -9,
              },
              "start": Object {
                "column": -9,
                "line": -9,
              },
            },
            "text": "foo",
          },
          "tokens": Object {
            "equals": Object {
              "isReserved": false,
              "kind": 27,
              "literal": undefined,
              "location": Object {
                "end": Object {
                  "column": -9,
                  "line": -9,
                },
                "start": Object {
                  "column": -9,
                  "line": -9,
                },
              },
              "text": "=",
            },
          },
          "value": Literal {
            "_location": Object {
              "end": Object {
                "column": -9,
                "line": -9,
              },
              "start": Object {
                "column": -9,
                "line": -9,
              },
            },
            "value": BrsBoolean {
              "kind": 1,
              "value": true,
            },
          },
        },
      ],
    },
    "tokens": Object {
      "elseIfs": Array [],
      "endIf": undefined,
      "if": Object {
        "isReserved": true,
        "kind": 70,
        "literal": undefined,
        "location": Object {
          "end": Object {
            "column": -9,
            "line": -9,
          },
          "start": Object {
            "column": -9,
            "line": -9,
          },
        },
        "text": "if",
      },
      "then": undefined,
    },
  },
]
`;

exports[`parser if statements single-line if parses if only 1`] = `
Array [
  If {
    "condition": Binary {
      "left": Literal {
        "_location": Object {
          "end": Object {
            "column": -9,
            "line": -9,
          },
          "start": Object {
            "column": -9,
            "line": -9,
          },
        },
        "value": Int32 {
          "kind": 3,
          "value": 1,
        },
      },
      "right": Literal {
        "_location": Object {
          "end": Object {
            "column": -9,
            "line": -9,
          },
          "start": Object {
            "column": -9,
            "line": -9,
          },
        },
        "value": Int32 {
          "kind": 3,
          "value": 2,
        },
      },
      "token": Object {
        "isReserved": false,
        "kind": 23,
        "literal": undefined,
        "location": Object {
          "end": Object {
            "column": -9,
            "line": -9,
          },
          "start": Object {
            "column": -9,
            "line": -9,
          },
        },
        "text": "<",
      },
    },
    "elseBranch": undefined,
    "elseIfs": Array [],
    "thenBranch": Block {
      "startingLocation": Object {
        "end": Object {
          "column": -9,
          "line": -9,
        },
        "start": Object {
          "column": -9,
          "line": -9,
        },
      },
      "statements": Array [
        Assignment {
          "name": Object {
            "isReserved": false,
            "kind": 29,
            "literal": undefined,
            "location": Object {
              "end": Object {
                "column": -9,
                "line": -9,
              },
              "start": Object {
                "column": -9,
                "line": -9,
              },
            },
            "text": "foo",
          },
          "tokens": Object {
            "equals": Object {
              "isReserved": false,
              "kind": 27,
              "literal": undefined,
              "location": Object {
                "end": Object {
                  "column": -9,
                  "line": -9,
                },
                "start": Object {
                  "column": -9,
                  "line": -9,
                },
              },
              "text": "=",
            },
          },
          "value": Literal {
            "_location": Object {
              "end": Object {
                "column": -9,
                "line": -9,
              },
              "start": Object {
                "column": -9,
                "line": -9,
              },
            },
            "value": BrsBoolean {
              "kind": 1,
              "value": true,
            },
          },
        },
      ],
    },
    "tokens": Object {
      "elseIfs": Array [],
      "endIf": undefined,
      "if": Object {
        "isReserved": true,
        "kind": 70,
        "literal": undefined,
        "location": Object {
          "end": Object {
            "column": -9,
            "line": -9,
          },
          "start": Object {
            "column": -9,
            "line": -9,
          },
        },
        "text": "if",
      },
      "then": Object {
        "isReserved": true,
        "kind": 85,
        "literal": undefined,
        "location": Object {
          "end": Object {
            "column": -9,
            "line": -9,
          },
          "start": Object {
            "column": -9,
            "line": -9,
          },
        },
        "text": "then",
      },
    },
  },
]
`;

exports[`parser if statements single-line if parses if-else 1`] = `
Array [
  If {
    "condition": Binary {
      "left": Literal {
        "_location": Object {
          "end": Object {
            "column": -9,
            "line": -9,
          },
          "start": Object {
            "column": -9,
            "line": -9,
          },
        },
        "value": Int32 {
          "kind": 3,
          "value": 1,
        },
      },
      "right": Literal {
        "_location": Object {
          "end": Object {
            "column": -9,
            "line": -9,
          },
          "start": Object {
            "column": -9,
            "line": -9,
          },
        },
        "value": Int32 {
          "kind": 3,
          "value": 2,
        },
      },
      "token": Object {
        "isReserved": false,
        "kind": 23,
        "literal": undefined,
        "location": Object {
          "end": Object {
            "column": -9,
            "line": -9,
          },
          "start": Object {
            "column": -9,
            "line": -9,
          },
        },
        "text": "<",
      },
    },
    "elseBranch": Block {
      "startingLocation": Object {
        "end": Object {
          "column": -9,
          "line": -9,
        },
        "start": Object {
          "column": -9,
          "line": -9,
        },
      },
      "statements": Array [
        Assignment {
          "name": Object {
            "isReserved": false,
            "kind": 29,
            "literal": undefined,
            "location": Object {
              "end": Object {
                "column": -9,
                "line": -9,
              },
              "start": Object {
                "column": -9,
                "line": -9,
              },
            },
            "text": "foo",
          },
          "tokens": Object {
            "equals": Object {
              "isReserved": false,
              "kind": 27,
              "literal": undefined,
              "location": Object {
                "end": Object {
                  "column": -9,
                  "line": -9,
                },
                "start": Object {
                  "column": -9,
                  "line": -9,
                },
              },
              "text": "=",
            },
          },
          "value": Literal {
            "_location": Object {
              "end": Object {
                "column": -9,
                "line": -9,
              },
              "start": Object {
                "column": -9,
                "line": -9,
              },
            },
            "value": BrsBoolean {
              "kind": 1,
              "value": false,
            },
          },
        },
      ],
    },
    "elseIfs": Array [],
    "thenBranch": Block {
      "startingLocation": Object {
        "end": Object {
          "column": -9,
          "line": -9,
        },
        "start": Object {
          "column": -9,
          "line": -9,
        },
      },
      "statements": Array [
        Assignment {
          "name": Object {
            "isReserved": false,
            "kind": 29,
            "literal": undefined,
            "location": Object {
              "end": Object {
                "column": -9,
                "line": -9,
              },
              "start": Object {
                "column": -9,
                "line": -9,
              },
            },
            "text": "foo",
          },
          "tokens": Object {
            "equals": Object {
              "isReserved": false,
              "kind": 27,
              "literal": undefined,
              "location": Object {
                "end": Object {
                  "column": -9,
                  "line": -9,
                },
                "start": Object {
                  "column": -9,
                  "line": -9,
                },
              },
              "text": "=",
            },
          },
          "value": Literal {
            "_location": Object {
              "end": Object {
                "column": -9,
                "line": -9,
              },
              "start": Object {
                "column": -9,
                "line": -9,
              },
            },
            "value": BrsBoolean {
              "kind": 1,
              "value": true,
            },
          },
        },
      ],
    },
    "tokens": Object {
      "elseIfs": Array [],
      "endIf": undefined,
      "if": Object {
        "isReserved": true,
        "kind": 70,
        "literal": undefined,
        "location": Object {
          "end": Object {
            "column": -9,
            "line": -9,
          },
          "start": Object {
            "column": -9,
            "line": -9,
          },
        },
        "text": "if",
      },
      "then": Object {
        "isReserved": true,
        "kind": 85,
        "literal": undefined,
        "location": Object {
          "end": Object {
            "column": -9,
            "line": -9,
          },
          "start": Object {
            "column": -9,
            "line": -9,
          },
        },
        "text": "then",
      },
    },
  },
]
`;

exports[`parser if statements single-line if parses if-elseif-else 1`] = `
Array [
  If {
    "condition": Binary {
      "left": Literal {
        "_location": Object {
          "end": Object {
            "column": -9,
            "line": -9,
          },
          "start": Object {
            "column": -9,
            "line": -9,
          },
        },
        "value": Int32 {
          "kind": 3,
          "value": 1,
        },
      },
      "right": Literal {
        "_location": Object {
          "end": Object {
            "column": -9,
            "line": -9,
          },
          "start": Object {
            "column": -9,
            "line": -9,
          },
        },
        "value": Int32 {
          "kind": 3,
          "value": 2,
        },
      },
      "token": Object {
        "isReserved": false,
        "kind": 23,
        "literal": undefined,
        "location": Object {
          "end": Object {
            "column": -9,
            "line": -9,
          },
          "start": Object {
            "column": -9,
            "line": -9,
          },
        },
        "text": "<",
      },
    },
    "elseBranch": Block {
      "startingLocation": Object {
        "end": Object {
          "column": -9,
          "line": -9,
        },
        "start": Object {
          "column": -9,
          "line": -9,
        },
      },
      "statements": Array [
        Assignment {
          "name": Object {
            "isReserved": false,
            "kind": 29,
            "literal": undefined,
            "location": Object {
              "end": Object {
                "column": -9,
                "line": -9,
              },
              "start": Object {
                "column": -9,
                "line": -9,
              },
            },
            "text": "foo",
          },
          "tokens": Object {
            "equals": Object {
              "isReserved": false,
              "kind": 27,
              "literal": undefined,
              "location": Object {
                "end": Object {
                  "column": -9,
                  "line": -9,
                },
                "start": Object {
                  "column": -9,
                  "line": -9,
                },
              },
              "text": "=",
            },
          },
          "value": Literal {
            "_location": Object {
              "end": Object {
                "column": -9,
                "line": -9,
              },
              "start": Object {
                "column": -9,
                "line": -9,
              },
            },
            "value": BrsBoolean {
              "kind": 1,
              "value": true,
            },
          },
        },
      ],
    },
    "elseIfs": Array [
      Object {
        "condition": Binary {
          "left": Literal {
            "_location": Object {
              "end": Object {
                "column": -9,
                "line": -9,
              },
              "start": Object {
                "column": -9,
                "line": -9,
              },
            },
            "value": Int32 {
              "kind": 3,
              "value": 1,
            },
          },
          "right": Literal {
            "_location": Object {
              "end": Object {
                "column": -9,
                "line": -9,
              },
              "start": Object {
                "column": -9,
                "line": -9,
              },
            },
            "value": Int32 {
              "kind": 3,
              "value": 2,
            },
          },
          "token": Object {
            "isReserved": false,
            "kind": 27,
            "literal": undefined,
            "location": Object {
              "end": Object {
                "column": -9,
                "line": -9,
              },
              "start": Object {
                "column": -9,
                "line": -9,
              },
            },
            "text": "=",
          },
        },
        "thenBranch": Block {
          "startingLocation": Object {
            "end": Object {
              "column": -9,
              "line": -9,
            },
            "start": Object {
              "column": -9,
              "line": -9,
            },
          },
          "statements": Array [
            Assignment {
              "name": Object {
                "isReserved": false,
                "kind": 29,
                "literal": undefined,
                "location": Object {
                  "end": Object {
                    "column": -9,
                    "line": -9,
                  },
                  "start": Object {
                    "column": -9,
                    "line": -9,
                  },
                },
                "text": "same",
              },
              "tokens": Object {
                "equals": Object {
                  "isReserved": false,
                  "kind": 27,
                  "literal": undefined,
                  "location": Object {
                    "end": Object {
                      "column": -9,
                      "line": -9,
                    },
                    "start": Object {
                      "column": -9,
                      "line": -9,
                    },
                  },
                  "text": "=",
                },
              },
              "value": Literal {
                "_location": Object {
                  "end": Object {
                    "column": -9,
                    "line": -9,
                  },
                  "start": Object {
                    "column": -9,
                    "line": -9,
                  },
                },
                "value": BrsBoolean {
                  "kind": 1,
                  "value": true,
                },
              },
            },
          ],
        },
      },
    ],
    "thenBranch": Block {
      "startingLocation": Object {
        "end": Object {
          "column": -9,
          "line": -9,
        },
        "start": Object {
          "column": -9,
          "line": -9,
        },
      },
      "statements": Array [
        Assignment {
          "name": Object {
            "isReserved": false,
            "kind": 29,
            "literal": undefined,
            "location": Object {
              "end": Object {
                "column": -9,
                "line": -9,
              },
              "start": Object {
                "column": -9,
                "line": -9,
              },
            },
            "text": "foo",
          },
          "tokens": Object {
            "equals": Object {
              "isReserved": false,
              "kind": 27,
              "literal": undefined,
              "location": Object {
                "end": Object {
                  "column": -9,
                  "line": -9,
                },
                "start": Object {
                  "column": -9,
                  "line": -9,
                },
              },
              "text": "=",
            },
          },
          "value": Literal {
            "_location": Object {
              "end": Object {
                "column": -9,
                "line": -9,
              },
              "start": Object {
                "column": -9,
                "line": -9,
              },
            },
            "value": BrsBoolean {
              "kind": 1,
              "value": true,
            },
          },
        },
      ],
    },
    "tokens": Object {
      "elseIfs": Array [],
      "endIf": undefined,
      "if": Object {
        "isReserved": true,
        "kind": 70,
        "literal": undefined,
        "location": Object {
          "end": Object {
            "column": -9,
            "line": -9,
          },
          "start": Object {
            "column": -9,
            "line": -9,
          },
        },
        "text": "if",
      },
      "then": Object {
        "isReserved": true,
        "kind": 85,
        "literal": undefined,
        "location": Object {
          "end": Object {
            "column": -9,
            "line": -9,
          },
          "start": Object {
            "column": -9,
            "line": -9,
          },
        },
        "text": "then",
      },
    },
  },
]
`;
